
> nextn@0.1.0 build
> NODE_ENV=production next build

   ▲ Next.js 15.5.9
   - Environments: .env.local, .env

   Creating an optimized production build ...
Failed to compile.

./agents/shivani/node_modules/rebrowser-playwright/node_modules/playwright-core/lib/vite/recorder/assets/codicon-DCmgc-ay.ttf
Module parse failed: Unexpected character ' ' (1:0)
You may need an appropriate loader to handle this file type, currently no loaders are configured to process this file. See https://webpack.js.org/concepts#loaders
(Source code omitted for this binary file)

Import trace for requested module:
./agents/shivani/node_modules/rebrowser-playwright/node_modules/playwright-core/lib/vite/recorder/assets/codicon-DCmgc-ay.ttf
./agents/shivani/node_modules/rebrowser-playwright/node_modules/playwright-core/lib/vite/recorder/ sync ^\.\/.*$
./agents/shivani/node_modules/rebrowser-playwright/node_modules/playwright-core/lib/server/recorder/recorderApp.js
./agents/shivani/node_modules/rebrowser-playwright/node_modules/playwright-core/lib/server/debugController.js
./agents/shivani/node_modules/rebrowser-playwright/node_modules/playwright-core/lib/server/playwright.js
./agents/shivani/node_modules/rebrowser-playwright/node_modules/playwright-core/lib/androidServerImpl.js
./agents/shivani/node_modules/rebrowser-playwright/node_modules/playwright-core/lib/inProcessFactory.js
./agents/shivani/node_modules/rebrowser-playwright/node_modules/playwright-core/lib/inprocess.js
./agents/shivani/node_modules/rebrowser-playwright/node_modules/playwright-core/index.js
./agents/shivani/node_modules/rebrowser-playwright/node_modules/playwright-core/index.mjs
./agents/shivani/node_modules/rebrowser-playwright/index.mjs
./agents/shivani/src/browser.js
./agents/core/skills/DiscoverArticlesSkill.js
./agents/core/index.js
./src/app/api/jobs/route.ts

./agents/shivani/node_modules/rebrowser-playwright/node_modules/playwright-core/lib/vite/recorder/index.html
Module parse failed: Unexpected token (1:0)
You may need an appropriate loader to handle this file type, currently no loaders are configured to process this file. See https://webpack.js.org/concepts#loaders
> <!--
|   Copyright (c) Microsoft Corporation.
| 

Import trace for requested module:
./agents/shivani/node_modules/rebrowser-playwright/node_modules/playwright-core/lib/vite/recorder/index.html
./agents/shivani/node_modules/rebrowser-playwright/node_modules/playwright-core/lib/vite/recorder/ sync ^\.\/.*$
./agents/shivani/node_modules/rebrowser-playwright/node_modules/playwright-core/lib/server/recorder/recorderApp.js
./agents/shivani/node_modules/rebrowser-playwright/node_modules/playwright-core/lib/server/debugController.js
./agents/shivani/node_modules/rebrowser-playwright/node_modules/playwright-core/lib/server/playwright.js
./agents/shivani/node_modules/rebrowser-playwright/node_modules/playwright-core/lib/androidServerImpl.js
./agents/shivani/node_modules/rebrowser-playwright/node_modules/playwright-core/lib/inProcessFactory.js
./agents/shivani/node_modules/rebrowser-playwright/node_modules/playwright-core/lib/inprocess.js
./agents/shivani/node_modules/rebrowser-playwright/node_modules/playwright-core/index.js
./agents/shivani/node_modules/rebrowser-playwright/node_modules/playwright-core/index.mjs
./agents/shivani/node_modules/rebrowser-playwright/index.mjs
./agents/shivani/src/browser.js
./agents/core/skills/DiscoverArticlesSkill.js
./agents/core/index.js
./src/app/api/jobs/route.ts


> Build failed because of webpack errors
